[marceloamores61.wixsite.com/marce.html]
[static.parastorage.com/unpkg/core-js-bundle@3.2.1/minified.js]
[static.parastorage.com/unpkg/focus-within-polyfill@5.0.9/dist/focus-within-polyfill.js]
[polyfill.io/v3/polyfill.mind82c.js]
[marceloamores61.wixsite.com/marce/decodeURIComponent(e]
[backblue.gif]
[fade.gif]
[index.html]
[browser.sentry-cdn.com/5.21.4/bundle.min.js]
[marceloamores61.wixsite.com/marce/https_]
[marceloamores61.wixsite.com/marce/robots.txt]
[marceloamores61.wixsite.com/marce/sitemap.xml]
[marceloamores61.wixsite.com/marce/feed.xml]
[marceloamores61.wixsite.com/marce/$&/index.html]
[static.parastorage.com/services/wix-thunderbolt/dist/bootstrap-features.10c3dcee.chunk.min.js]
[static.parastorage.com/services/wix-thunderbolt/dist/main.555e92e9.chunk.min.js]
[static.parastorage.com/unpkg/lodash@4.17.15/lodash.min.js]
[static.parastorage.com/services/wix-thunderbolt/dist/wix-code-sdk-providers.6f17b254.chunk.min.js]
[static.parastorage.com/services/wix-thunderbolt/dist/ooi.7bba3b2b.chunk.min.js]
[static.parastorage.com/services/wix-thunderbolt/dist/siteMembers.7408d786.chunk.min.js]
[static.parastorage.com/services/wix-thunderbolt/dist/siteScrollBlocker.db6240b5.chunk.min.js]
[static.parastorage.com/services/wix-thunderbolt/dist/tpaCommons.166b7666.chunk.min.js]
[static.parastorage.com/services/wix-thunderbolt/dist/windowMessageRegistrar.bd322e71.chunk.min.js]
[static.parastorage.com/services/wix-thunderbolt/dist/platform.c945af73.chunk.min.js]
[static.parastorage.com/services/wix-thunderbolt/dist/vendors_vendor-react-dom.74e2a881.chunk.min.js]
[static.parastorage.com/services/wix-thunderbolt/dist/vendor-react-dom.a93cbf3e.chunk.min.js]
[static.parastorage.com/services/forms-viewer/1.348.0/viewer-app.bundle.min.js]
[static.parastorage.com/services/editor-elements/dist/componentSdks.ea35c086.bundle.min.js]
[static.parastorage.com/services/tag-manager-client/1.282.0/siteTags.bundle.min.js]
[marceloamores61.wixsite.com/index.html]
[static.parastorage.com/services/editor-elements/dist/thunderboltElements.b1adc0d6.bundle.min.js]
[static.parastorage.com/services/wix-perf-measure/1.334.0/wix-perf-measure.bundle.min.js]
[static.parastorage.com/services/wix-thunderbolt/dist/activePopup.aa33ffdb.chunk.min.js]
[static.parastorage.com/services/wix-thunderbolt/dist/scrollRestoration.0f912bbd.chunk.min.js]
[static.parastorage.com/services/wix-thunderbolt/dist/scrollToAnchor.6572368a.chunk.min.js]
[static.parastorage.com/services/wix-thunderbolt/dist/windowScroll.9d782e44.chunk.min.js]
[static.parastorage.com/services/wix-thunderbolt/dist/backgroundScrub.f7b62c8d.chunk.min.js]
[static.parastorage.com/services/wix-thunderbolt/dist/imageZoom.b928dbd3.chunk.min.js]
[static.parastorage.com/services/wix-thunderbolt/dist/landingPage.8ed9471a.chunk.min.js]
[static.parastorage.com/services/wix-thunderbolt/dist/navigation.1cbc6c36.chunk.min.js]
[static.parastorage.com/services/wix-thunderbolt/dist/onloadCompsBehaviors.29391f12.chunk.min.js]
[static.parastorage.com/services/wix-thunderbolt/dist/ooiTpaSharedConfig.129056a0.chunk.min.js]
[static.parastorage.com/services/wix-thunderbolt/dist/pageAnchors.b8ec72ab.chunk.min.js]
[static.parastorage.com/services/wix-thunderbolt/dist/pageScroll.49043626.chunk.min.js]
[static.parastorage.com/services/wix-thunderbolt/dist/pageTransitions.aa4502cc.chunk.min.js]
[static.parastorage.com/services/wix-thunderbolt/dist/platformPubsub.6c083030.chunk.min.js]
[static.parastorage.com/services/wix-thunderbolt/dist/protectedPages.6c9ed4d9.chunk.min.js]
[static.parastorage.com/services/wix-thunderbolt/dist/screenIn.d2b83f11.chunk.min.js]
[static.parastorage.com/services/wix-thunderbolt/dist/tpa.db62e5b9.chunk.min.js]
[static.parastorage.com/services/editor-elements/dist/bootstrap-components.8a031f80.chunk.min.js]
[static.parastorage.com/services/editor-elements/dist/Container_CircleArea.d69eadc6.chunk.min.js]
[static.parastorage.com/services/editor-elements/dist/DropDownMenu_TextOnlyMenuButtonSkin.ee4d58b2.chunk.min.js]
[static.parastorage.com/services/editor-elements/dist/FreemiumBannerDesktop.ed74d494.chunk.min.js]
[static.parastorage.com/services/editor-elements/dist/Container_DefaultAreaSkin.8db47c7e.chunk.min.js]
[static.parastorage.com/services/editor-elements/dist/AppWidget.b70fddf2.chunk.min.js]
[static.parastorage.com/services/editor-elements/dist/FiveGridLine_SolidLine.efc9ef7f.chunk.min.js]
[static.parastorage.com/services/editor-elements/dist/MatrixGallery_MatrixGalleryTextOnCenterSkin.5dee5057.chunk.min.js]
[static.parastorage.com/services/editor-elements/dist/FormContainer_FormContainerSkin.beaaa3d3.chunk.min.js]
[static.parastorage.com/services/editor-elements/dist/common-site-members-dialogs.0d18b9f5.chunk.min.js]
[static.parastorage.com/services/editor-elements/dist/TextInput.1c72cea7.chunk.min.js]
[static.parastorage.com/services/editor-elements/dist/TextAreaInput.4f955a42.chunk.min.js]
[marceloamores61.wixsite.com/marce.html]
[marceloamores61.wixsite.com/marce/decodeURIComponent(e.html]
[marceloamores61.wixsite.com/marce/https_.html]
[marceloamores61.wixsite.com/marce/robots.html]
[marceloamores61.wixsite.com/marce/feed.html]
[marceloamores61.wixsite.com/marce/$&/index.html]
[marceloamores61.wixsite.com/index.html]
[marceloamores61.wixsite.com/marce/indexc69a.html]
[marceloamores61.wixsite.com/marce/indexc69a.html]
[marceloamores61.wixsite.com/marce/index.html]
[marceloamores61.wixsite.com/marce/index.html]
[marceloamores61.wixsite.com/marcec69a.html]
[marceloamores61.wixsite.com/marce/portfolioc69a.html]
[static.parastorage.com/services/pro-gallery-santa-wrapper/1.1448.0/viewerScript.bundle.min.js]
[static.parastorage.com/services/pro-gallery-santa-wrapper/1.1448.0/staticCss.min.css]
[static.wixstatic.com/media/035244_1b65a67fbb9d4380b83b04e877918797_mv2.gif]
[static.wixstatic.com/media/035244_6bef459d311f4d8295b30c6e204179af_mv2.jpg/v1/fill/w_275,h_249,fp_0.50_0.50,q_90/035244_6bef459d311f4d8295b30c6e204179af_mv2.jpg]
[static.wixstatic.com/media/035244_d7bc438f67db4543bcc982b7567aa920_mv2.jpg/v1/fill/w_274,h_249,fp_0.50_0.50,q_90/035244_d7bc438f67db4543bcc982b7567aa920_mv2.jpg]
[static.wixstatic.com/media/035244_d13301917382492d854f174b75749d92_mv2.jpg/v1/fill/w_275,h_249,fp_0.50_0.50,q_90/035244_d13301917382492d854f174b75749d92_mv2.jpg]
[static.wixstatic.com/media/035244_24a99f3d185c4647a6429ede9582f759_mv2.jpg/v1/fill/w_274,h_249,fp_0.50_0.50,q_90/035244_24a99f3d185c4647a6429ede9582f759_mv2.jpg]
[static.wixstatic.com/media/035244_c599aad6dd764049ac62db8c1d739a74_mv2.jpg/v1/fill/w_549,h_498,fp_0.50_0.50,q_90/035244_c599aad6dd764049ac62db8c1d739a74_mv2.jpg]
[static.wixstatic.com/media/035244_e3492ff8967749ddb15413c6c027c04b_mv2.jpg/v1/fill/w_822,h_747,fp_0.50_0.50,q_90/035244_e3492ff8967749ddb15413c6c027c04b_mv2.jpg]
[static.wixstatic.com/media/035244_db2d7ef45e9a4c648f6c402bd37887d7_mv2.gif]
[static.wixstatic.com/media/035244_a6c9940be7574f80958eb48ee670c94a_mv2.gif]
[static.wixstatic.com/media/035244_5bd88fbac95345eba9f861fa63e99276_mv2.jpg/v1/fill/w_480,h_436,fp_0.50_0.50,q_90/035244_5bd88fbac95345eba9f861fa63e99276_mv2.jpg]
[static.wixstatic.com/media/035244_95df92d9bbc14a1988e6da0eea395141_mv2.jpg/v1/fill/w_720,h_654,fp_0.50_0.50,q_90/035244_95df92d9bbc14a1988e6da0eea395141_mv2.jpg]
[static.wixstatic.com/media/035244_5bdc213b701d4732bb12a499d2b75895_mv2.jpg/v1/fill/w_721,h_654,fp_0.50_0.50,q_90/035244_5bdc213b701d4732bb12a499d2b75895_mv2.jpg]
[marceloamores61.wixsite.com/marce/portfolioc69a.html]
[marceloamores61.wixsite.com/marcec69a.html]
[static.parastorage.com/services/pro-gallery-santa-wrapper/1.1448.0/staticCss.min.css]
